cargo : warning: unused import: `relic_algo::HYDROXYAPATITE_CA_P_STOICHIOMETRIC
`
所在位置 行:1 字符: 89
+ ... 8\backend ; cargo +stable-x86_64-pc-windows-gnu build --target x86_64 ...
+                 ~~~~~~~~~~~~~~~~~~~~~~~~~~~~~~~~~~~~~~~~~~~~~~~~~~~~~~~~~
    + CategoryInfo          : NotSpecified: (warning: unused...STOICHIOMETRIC` 
   :String) [], RemoteException
    + FullyQualifiedErrorId : NativeCommandError
 
 --> crates\protection-tree\src\lib.rs:1:5
  |
1 | use relic_algo::HYDROXYAPATITE_CA_P_STOICHIOMETRIC;
  |     ^^^^^^^^^^^^^^^^^^^^^^^^^^^^^^^^^^^^^^^^^^^^^^
  |
  = note: `#[warn(unused_imports)]` (part of `#[warn(unused)]`) on by default

warning: unused variable: `rng_seed`
  --> crates\protection-tree\src\lib.rs:60:22
   |
60 | fn train_single_tree(rng_seed: u64) -> DecisionTree<f64, usize> {
   |                      ^^^^^^^^ help: if this is intentional, prefix it with
 an underscore: `_rng_seed`
   |
   = note: `#[warn(unused_variables)]` (part of `#[warn(unused)]`) on by defaul
t

warning: unused imports: `ELECTRONS_TRANSFERRED`, `FARADAY_F`, and `MOLAR_GAS_R
`
 --> crates\redox-mapping\src\lib.rs:2:5
  |
2 |     MOLAR_GAS_R, STANDARD_TEMP_K, ELECTRONS_TRANSFERRED, FARADAY_F,
  |     ^^^^^^^^^^^                   ^^^^^^^^^^^^^^^^^^^^^  ^^^^^^^^^
  |
  = note: `#[warn(unused_imports)]` (part of `#[warn(unused)]`) on by default

warning: variant `SUBSURFACE_OXIC` should have an upper camel case name
   --> crates\redox-mapping\src\lib.rs:230:5
    |
230 |     SUBSURFACE_OXIC,
    |     ^^^^^^^^^^^^^^^ help: convert the identifier to upper camel case: `Su
bsurfaceOxic`
    |
    = note: `#[warn(non_camel_case_types)]` (part of `#[warn(nonstandard_style)
]`) on by default

warning: variant `MANGANESE_REDUCING` should have an upper camel case name
   --> crates\redox-mapping\src\lib.rs:231:5
    |
231 |     MANGANESE_REDUCING,
    |     ^^^^^^^^^^^^^^^^^^ help: convert the identifier to upper camel case: 
`ManganeseReducing`

warning: variant `IRON_REDUCING` should have an upper camel case name
   --> crates\redox-mapping\src\lib.rs:232:5
    |
232 |     IRON_REDUCING,
    |     ^^^^^^^^^^^^^ help: convert the identifier to upper camel case: `Iron
Reducing`

warning: variant `SULFATE_REDUCING` should have an upper camel case name
   --> crates\redox-mapping\src\lib.rs:233:5
    |
233 |     SULFATE_REDUCING,
    |     ^^^^^^^^^^^^^^^^ help: convert the identifier to upper camel case: `S
ulfateReducing`

warning: variant `CARBONATE_REDUCING` should have an upper camel case name
   --> crates\redox-mapping\src\lib.rs:235:5
    |
235 |     CARBONATE_REDUCING,
    |     ^^^^^^^^^^^^^^^^^^ help: convert the identifier to upper camel case: 
`CarbonateReducing`

warning: unused variable: `eh_mv`
   --> crates\redox-mapping\src\lib.rs:304:39
    |
304 | pub fn identify_stable_phase(ph: f64, eh_mv: f64, zone: &RedoxZone) -> St
ring {
    |                                       ^^^^^ help: if this is intentional,
 prefix it with an underscore: `_eh_mv`
    |
    = note: `#[warn(unused_variables)]` (part of `#[warn(unused)]`) on by defau
lt

warning: unused variable: `last`
   --> crates\excavation-mc\src\lib.rs:354:25
    |
354 |             if let Some(last) = year_stats.last() {
    |                         ^^^^ help: if this is intentional, prefix it with
 an underscore: `_last`
    |
    = note: `#[warn(unused_variables)]` (part of `#[warn(unused)]`) on by defau
lt

warning: `protection-tree` (lib) generated 2 warnings (run `cargo fix --lib -p 
protection-tree` to apply 2 suggestions)
warning: `redox-mapping` (lib) generated 7 warnings (run `cargo fix --lib -p re
dox-mapping` to apply 2 suggestions)
warning: `excavation-mc` (lib) generated 1 warning (run `cargo fix --lib -p exc
avation-mc` to apply 1 suggestion)
   Compiling relic-monitor-backend v1.0.0 (D:\SOLO-2\AI_solo_coder_task_B_108\b
ackend)
error: unknown format trait `f`
   --> src\ode\solver.rs:146:57
    |
146 |                     warn!("BDF姝ラ暱缂╁噺鑷虫瀬灏忓€?dt={:.2e}, t={:.4f}", self.dt,
 self.t);
    |                                                                 ^
    |
    = note: the only appropriate formatting traits are:
            - ``, which uses the `Display` trait
            - `?`, which uses the `Debug` trait
            - `e`, which uses the `LowerExp` trait
            - `E`, which uses the `UpperExp` trait
            - `o`, which uses the `Octal` trait
            - `p`, which uses the `Pointer` trait
            - `b`, which uses the `Binary` trait
            - `x`, which uses the `LowerHex` trait
            - `X`, which uses the `UpperHex` trait

warning: variant `PH_LOW` should have an upper camel case name
   --> src\models.rs:109:5
    |
109 |     PH_LOW,
    |     ^^^^^^ help: convert the identifier to upper camel case: `PhLow`
    |
    = note: `#[warn(non_camel_case_types)]` (part of `#[warn(nonstandard_style)
]`) on by default

warning: variant `CA_HIGH` should have an upper camel case name
   --> src\models.rs:110:5
    |
110 |     CA_HIGH,
    |     ^^^^^^^ help: convert the identifier to upper camel case: `CaHigh`

warning: variant `TEMP_HIGH` should have an upper camel case name
   --> src\models.rs:111:5
    |
111 |     TEMP_HIGH,
    |     ^^^^^^^^^ help: convert the identifier to upper camel case: `TempHigh
`

warning: variant `ORP_ABNORMAL` should have an upper camel case name
   --> src\models.rs:112:5
    |
112 |     ORP_ABNORMAL,
    |     ^^^^^^^^^^^^ help: convert the identifier to upper camel case: `OrpAb
normal`

warning: variant `CORROSION_RISK` should have an upper camel case name
   --> src\models.rs:113:5
    |
113 |     CORROSION_RISK,
    |     ^^^^^^^^^^^^^^ help: convert the identifier to upper camel case: `Cor
rosionRisk`

warning: unused imports: `ACTIVATION_ENERGY_EA`, `ELECTRONS_TRANSFERRED`, `FARA
DAY_F`, `GAS_CONSTANT_R`, `MOLAR_GAS_R`, `MassBalanceState`, `PRE_EXPONENTIAL_A
`, `REFERENCE_TEMP_K`, `STANDARD_TEMP_K`, `arrhenius_rate_constant`, `ca_p_rati
o_current`, `ca_to_ppm`, `collagen_degradation_percent`, `hap_solubility`, `ner
nst_equation`, `orp_effect_factor`, and `ph_catalysis_factor`
  --> src\algorithms.rs:6:46
   |
 6 |     ArrheniusConfig, CalciumPhosphateConfig, MassBalanceState,
   |                                              ^^^^^^^^^^^^^^^^
 7 |     GAS_CONSTANT_R, ACTIVATION_ENERGY_EA, PRE_EXPONENTIAL_A, REFERENCE_TEM
P_K,
   |     ^^^^^^^^^^^^^^  ^^^^^^^^^^^^^^^^^^^^  ^^^^^^^^^^^^^^^^^  ^^^^^^^^^^^^^
^^^
 8 |     HYDROXYAPATITE_CA_P_STOICHIOMETRIC,
 9 |     FARADAY_F, MOLAR_GAS_R, STANDARD_TEMP_K, ELECTRONS_TRANSFERRED,
   |     ^^^^^^^^^  ^^^^^^^^^^^  ^^^^^^^^^^^^^^^  ^^^^^^^^^^^^^^^^^^^^^
10 |     arrhenius_rate_constant, ph_catalysis_factor, orp_effect_factor,
   |     ^^^^^^^^^^^^^^^^^^^^^^^  ^^^^^^^^^^^^^^^^^^^  ^^^^^^^^^^^^^^^^^
11 |     collagen_hydrolysis_rate, collagen_degradation_percent,
   |                               ^^^^^^^^^^^^^^^^^^^^^^^^^^^^
12 |     expected_collagen_deg_elapsed_months, hap_solubility, dissolution_rate
,
   |                                           ^^^^^^^^^^^^^^
13 |     ca_p_ratio_current, ca_p_ratio_predicted, ca_to_ppm,
   |     ^^^^^^^^^^^^^^^^^^                        ^^^^^^^^^
14 |     corrosion_rate_um_per_year, estimate_corrosion_depth_um,
15 |     assess_risk_level, estimate_microbial_biomass, nernst_equation,
   |                                                    ^^^^^^^^^^^^^^^
   |
   = note: `#[warn(unused_imports)]` (part of `#[warn(unused)]`) on by default

warning: unused imports: `DEFAULT_KM`, `DEFAULT_VMAX`, `EnzymeSimulationState`,
 `enzyme_activity_factor`, `enzyme_ph_factor`, `enzyme_temp_factor`, `michaelis
_menten_rate`, `microbial_biomass_growth`, `simulate_enzyme_degradation`, and `
total_collagen_hydrolysis_rate`
  --> src\kinetics\mod.rs:5:5
   |
 5 |     michaelis_menten_rate,
   |     ^^^^^^^^^^^^^^^^^^^^^
 6 |     enzyme_ph_factor,
   |     ^^^^^^^^^^^^^^^^
 7 |     enzyme_temp_factor,
   |     ^^^^^^^^^^^^^^^^^^
 8 |     enzyme_activity_factor,
   |     ^^^^^^^^^^^^^^^^^^^^^^
 9 |     enzyme_hydrolysis_rate,
10 |     total_collagen_hydrolysis_rate,
   |     ^^^^^^^^^^^^^^^^^^^^^^^^^^^^^^
11 |     microbial_biomass_growth,
   |     ^^^^^^^^^^^^^^^^^^^^^^^^
12 |     EnzymeSimulationState,
   |     ^^^^^^^^^^^^^^^^^^^^^
13 |     simulate_enzyme_degradation,
   |     ^^^^^^^^^^^^^^^^^^^^^^^^^^^
14 |     DEFAULT_VMAX,
   |     ^^^^^^^^^^^^
15 |     DEFAULT_KM,
   |     ^^^^^^^^^^

warning: unused imports: `error` and `info`
 --> src\ode\solver.rs:1:24
  |
1 | use log::{debug, warn, error, info};
  |                        ^^^^^  ^^^^

warning: unused imports: `BdfSolver`, `CollagenHydrolysisOde`, `OdeSolution`, `
OdeSystem`, and `numerical_jacobian`
  --> src\ode\mod.rs:5:5
   |
 5 |     OdeSolution,
   |     ^^^^^^^^^^^
 6 |     OdeSystem,
   |     ^^^^^^^^^
 7 |     BdfSolver,
   |     ^^^^^^^^^
 8 |     CollagenHydrolysisOde,
   |     ^^^^^^^^^^^^^^^^^^^^^
 9 |     solve_collagen_degradation,
10 |     numerical_jacobian,
   |     ^^^^^^^^^^^^^^^^^^

warning: unused import: `error`
 --> src\lora\udp.rs:4:23
  |
4 | use log::{info, warn, error, debug};
  |                       ^^^^^

warning: unused import: `SocketAddrV4`
  --> src\lora\udp.rs:53:34
   |
53 |         use std::net::{Ipv4Addr, SocketAddrV4};
   |                                  ^^^^^^^^^^^^

warning: unused imports: `LoraUdpListener`, `LoraUdpSender`, `ManagedUdpSocket`
, and `UdpSocketGuard`
 --> src\lora\mod.rs:3:15
  |
3 | pub use udp::{ManagedUdpSocket, LoraUdpListener, LoraUdpSender, UdpSocketGu
ard};
  |               ^^^^^^^^^^^^^^^^  ^^^^^^^^^^^^^^^  ^^^^^^^^^^^^^  ^^^^^^^^^^^
^^^

warning: variant `SET_SAMPLE_INTERVAL` should have an upper camel case name
  --> src\lora_gateway.rs:14:5
   |
14 |     SET_SAMPLE_INTERVAL,
   |     ^^^^^^^^^^^^^^^^^^^ help: convert the identifier to upper camel case: 
`SetSampleInterval`

warning: variant `SET_THRESHOLDS` should have an upper camel case name
  --> src\lora_gateway.rs:15:5
   |
15 |     SET_THRESHOLDS,
   |     ^^^^^^^^^^^^^^ help: convert the identifier to upper camel case: `SetT
hresholds`

warning: variant `SET_TX_POWER` should have an upper camel case name
  --> src\lora_gateway.rs:16:5
   |
16 |     SET_TX_POWER,
   |     ^^^^^^^^^^^^ help: convert the identifier to upper camel case: `SetTxP
ower`

warning: variant `SET_DATARATE` should have an upper camel case name
  --> src\lora_gateway.rs:17:5
   |
17 |     SET_DATARATE,
   |     ^^^^^^^^^^^^ help: convert the identifier to upper camel case: `SetDat
arate`

warning: variant `RESET_DEVICE` should have an upper camel case name
  --> src\lora_gateway.rs:18:5
   |
18 |     RESET_DEVICE,
   |     ^^^^^^^^^^^^ help: convert the identifier to upper camel case: `ResetD
evice`

warning: variant `FIRMWARE_UPDATE` should have an upper camel case name
  --> src\lora_gateway.rs:20:5
   |
20 |     FIRMWARE_UPDATE,
   |     ^^^^^^^^^^^^^^^ help: convert the identifier to upper camel case: `Fir
mwareUpdate`

warning: variant `CONFIG_ACK` should have an upper camel case name
  --> src\lora_gateway.rs:21:5
   |
21 |     CONFIG_ACK,
   |     ^^^^^^^^^^ help: convert the identifier to upper camel case: `ConfigAc
k`

warning: variant `QUERY_STATUS` should have an upper camel case name
  --> src\lora_gateway.rs:22:5
   |
22 |     QUERY_STATUS,
   |     ^^^^^^^^^^^^ help: convert the identifier to upper camel case: `QueryS
tatus`

warning: unused import: `put`
 --> src\handlers.rs:1:58
  |
1 | use actix_web::{web, HttpResponse, Responder, get, post, put};
  |                                                          ^^^

warning: unused import: `warn`
 --> src\services\collagen_kinetics.rs:7:24
  |
7 | use log::{info, debug, warn, error};
  |                        ^^^^

warning: unused imports: `error` and `warn`
 --> src\services\alerter.rs:3:17
  |
3 | use log::{info, warn, error, debug};
  |                 ^^^^  ^^^^^

error[E0599]: no variant named `FetchError` found for enum `influxdb::Error`
  --> src\database.rs:79:30
   |
79 |             Err(InfluxError::FetchError { status, .. }) => {
   |                              ^^^^^^^^^^ variant not found in `influxdb::Er
ror`

error[E0277]: the trait bound `Series<Value>: Clone` is not satisfied
   --> src\database.rs:277:112
    |
277 |         if let Some(group) = result.deserialize_next::<serde_json::Value>
().ok().and_then(|r| r.series.first().cloned()) {
    |                                                                          
                                      ^^^^^^ the trait `Clone` is not implement
ed for `Series<Value>`
    |
note: required by a bound in `std::option::Option::<&T>::cloned`
   --> /rustc/ac68faa20c58cbccd01ee7208bf3b6e93a7d7f96/library\core\src\option.
rs:2160:4

error[E0609]: no field `tags` on type `Series<Value>`
   --> src\database.rs:308:48
    |
308 |                 if let Some(sensor_id) = group.tags.get("sensor_id") {
    |                                                ^^^^ unknown field
    |
    = note: available fields are: `name`, `values`

error[E0609]: no field `tags` on type `Series<Value>`
   --> src\database.rs:350:37
    |
350 |                 let gx: f64 = group.tags.get("grid_x").and_then(|x| x.par
se().ok()).unwrap_or(0.0);
    |                                     ^^^^ unknown field
    |
    = note: available fields are: `name`, `values`

error[E0609]: no field `tags` on type `Series<Value>`
   --> src\database.rs:351:37
    |
351 |                 let gy: f64 = group.tags.get("grid_y").and_then(|x| x.par
se().ok()).unwrap_or(0.0);
    |                                     ^^^^ unknown field
    |
    = note: available fields are: `name`, `values`

error[E0609]: no field `tags` on type `Series<Value>`
   --> src\database.rs:377:37
    |
377 |                 let gx: f64 = group.tags.get("grid_x").and_then(|x| x.par
se().ok()).unwrap_or(0.0);
    |                                     ^^^^ unknown field
    |
    = note: available fields are: `name`, `values`

error[E0609]: no field `tags` on type `Series<Value>`
   --> src\database.rs:378:37
    |
378 |                 let gy: f64 = group.tags.get("grid_y").and_then(|x| x.par
se().ok()).unwrap_or(0.0);
    |                                     ^^^^ unknown field
    |
    = note: available fields are: `name`, `values`

error[E0502]: cannot borrow `alerts` as immutable because it is also borrowed a
s mutable
   --> src\services\alerter.rs:173:41
    |
173 |                         alerts.drain(0..alerts.len() - 500);
    |                         ------ -----    ^^^^^^ immutable borrow occurs he
re
    |                         |      |
    |                         |      mutable borrow later used by call
    |                         mutable borrow occurs here

error[E0599]: no variant named `FetchError` found for enum `influxdb::Error`
   --> src\database.rs:100:26
    |
100 |             InfluxError::FetchError { status: Some(401), .. } => {
    |                          ^^^^^^^^^^ variant not found in `influxdb::Error
`

error[E0599]: no variant named `FetchError` found for enum `influxdb::Error`
   --> src\database.rs:103:26
    |
103 |             InfluxError::FetchError { status: Some(403), .. } => {
    |                          ^^^^^^^^^^ variant not found in `influxdb::Error
`

error[E0599]: no variant named `FetchError` found for enum `influxdb::Error`
   --> src\database.rs:106:26
    |
106 |             InfluxError::FetchError { status: Some(404), .. } => {
    |                          ^^^^^^^^^^ variant not found in `influxdb::Error
`

error[E0599]: no variant named `FetchError` found for enum `influxdb::Error`
   --> src\database.rs:109:26
    |
109 |             InfluxError::FetchError { status: Some(400), .. } => {
    |                          ^^^^^^^^^^ variant not found in `influxdb::Error
`

error[E0599]: no variant named `FetchError` found for enum `influxdb::Error`
   --> src\database.rs:112:26
    |
112 |             InfluxError::FetchError { status: Some(code), .. } if *code >
= 500 => {
    |                          ^^^^^^^^^^ variant not found in `influxdb::Error
`

error[E0599]: no variant named `FetchError` found for enum `influxdb::Error`
   --> src\database.rs:115:26
    |
115 |             InfluxError::FetchError { status: None, .. } => {
    |                          ^^^^^^^^^^ variant not found in `influxdb::Error
`

error[E0277]: the trait bound `arrhenius::MichaelisMentenConfig: Copy` is not s
atisfied
   --> src\kinetics\arrhenius.rs:137:28
    |
137 |     let mm_cfg = mm_config.copied().unwrap_or_default();
    |                            ^^^^^^ the trait `Copy` is not implemented for
 `arrhenius::MichaelisMentenConfig`
    |
note: required by a bound in `std::option::Option::<&T>::copied`
   --> /rustc/ac68faa20c58cbccd01ee7208bf3b6e93a7d7f96/library\core\src\option.
rs:2134:4
help: consider annotating `arrhenius::MichaelisMentenConfig` with `#[derive(Cop
y)]`
    |
  8 + #[derive(Copy)]
  9 | pub struct MichaelisMentenConfig {
    |

error[E0277]: the trait bound `arrhenius::MichaelisMentenConfig: Copy` is not s
atisfied
   --> src\kinetics\arrhenius.rs:196:28
    |
196 |     let mm_cfg = mm_config.copied().unwrap_or_default();
    |                            ^^^^^^ the trait `Copy` is not implemented for
 `arrhenius::MichaelisMentenConfig`
    |
note: required by a bound in `std::option::Option::<&T>::copied`
   --> /rustc/ac68faa20c58cbccd01ee7208bf3b6e93a7d7f96/library\core\src\option.
rs:2134:4
help: consider annotating `arrhenius::MichaelisMentenConfig` with `#[derive(Cop
y)]`
    |
  8 + #[derive(Copy)]
  9 | pub struct MichaelisMentenConfig {
    |

error[E0308]: mismatched types
  --> src\ode\solver.rs:89:13
   |
89 |             d,
   |             ^ expected `Vec<Vec<f64>>`, found `Vec<Vec<Vec<f64>>>`
   |
   = note: expected struct `Vec<Vec<f64>>`
              found struct `Vec<Vec<Vec<f64>>>`

error[E0599]: no associated function or constant named `default` found for stru
ct `AlertManager` in the current scope
  --> src\main.rs:81:47
   |
81 |     let alert_manager = alerts::AlertManager::default();
   |                                               ^^^^^^^ associated function 
or constant not found in `AlertManager`
   |
  ::: src\alerts.rs:50:1
   |
50 | pub struct AlertManager {
   | ----------------------- associated function or constant `default` not foun
d for this struct
   |
note: if you're trying to build a new `AlertManager`, consider using `AlertMana
ger::new` which returns `AlertManager`
  --> src\alerts.rs:69:5
   |
69 |     pub fn new(config: AlertConfig) -> Self {
   |     ^^^^^^^^^^^^^^^^^^^^^^^^^^^^^^^^^^^^^^^
   = help: items from traits can only be used if the trait is implemented and i
n scope
   = note: the following trait defines an item `default`, perhaps you need to i
mplement it:
           candidate #1: `Default`

warning: unused variable: `ca_cfg`
  --> src\algorithms.rs:70:17
   |
70 |             let ca_cfg = CalciumPhosphateConfig::default();
   |                 ^^^^^^ help: if this is intentional, prefix it with an und
erscore: `_ca_cfg`
   |
   = note: `#[warn(unused_variables)]` (part of `#[warn(unused)]`) on by defaul
t

warning: unused variable: `n`
  --> src\ode\solver.rs:96:13
   |
96 |         let n = self.sys.dim();
   |             ^ help: if this is intentional, prefix it with an underscore: 
`_n`

warning: unused variable: `n`
   --> src\ode\solver.rs:391:13
    |
391 |         let n = self.dim();
    |             ^ help: if this is intentional, prefix it with an underscore:
 `_n`

warning: unused variable: `temp_celsius`
   --> src\ode\solver.rs:400:5
    |
400 |     temp_celsius: f64,
    |     ^^^^^^^^^^^^ help: if this is intentional, prefix it with an undersco
re: `_temp_celsius`

warning: unused variable: `ph`
   --> src\ode\solver.rs:401:5
    |
401 |     ph: f64,
    |     ^^ help: if this is intentional, prefix it with an underscore: `_ph`

warning: value assigned to `total` is never read
   --> src\handlers.rs:102:21
    |
102 |     let mut total = 0;
    |                     ^ this value is reassigned later and never used
...
127 |             total = count;
    |             ------------- `total` is overwritten here before the previous
 value is read
    |
    = note: `#[warn(unused_assignments)]` (part of `#[warn(unused)]`) on by def
ault

warning: unused variable: `ca_ppm`
  --> src\services\ca_balance.rs:65:54
   |
65 |     fn dissolution_rate(&self, ph: f64, temp_c: f64, ca_ppm: f64, saturati
on_frac: f64) -> f64 {
   |                                                      ^^^^^^ help: if this 
is intentional, prefix it with an underscore: `_ca_ppm`

warning: unused variable: `cfg`
  --> src\services\ca_balance.rs:66:13
   |
66 |         let cfg = &self.config.calcium_phosphate;
   |             ^^^ help: if this is intentional, prefix it with an underscore
: `_cfg`

Some errors have detailed explanations: E0277, E0308, E0502, E0599, E0609.
For more information about an error, try `rustc --explain E0277`.
warning: `relic-monitor-backend` (bin "relic-monitor-backend") generated 31 war
nings
error: could not compile `relic-monitor-backend` (bin "relic-monitor-backend") 
due to 19 previous errors; 31 warnings emitted
